// Jest Snapshot v1, https://goo.gl/fbAQLP

exports[`<AddQuestions /> Should match the snapshot 1`] = `ShallowWrapper {}`;

exports[`<CreateQuiz /> Should match the snapshot 1`] = `ShallowWrapper {}`;
